[2026-07-15 22:19:46] [INFO] Starting HTTP server on port 8080...
[2026-07-15 22:19:46] [INFO] Server started on port 8080
[2026-07-15 22:19:48] [INFO] Request file: www/index.html
[2026-07-15 22:19:48] [INFO] Request file: www/style.css
[2026-07-15 22:19:49] [INFO] Request file: www/about.html
[2026-07-15 22:19:50] [INFO] Request file: www/style.css
[2026-07-15 22:19:52] [INFO] Request file: www/index.html
[2026-07-15 22:19:52] [INFO] Request file: www/style.css
[2026-07-15 22:19:56] [INFO] Server stopped
[2026-08-02 15:31:18] [INFO] Starting HTTP server on port 8080...
[2026-08-02 15:31:18] [INFO] Server started on port 8080
[2026-08-02 15:31:21] [INFO] Request file: www/index.html
[2026-08-02 15:31:21] [INFO] Request file: www/style.css
[2026-08-02 15:31:21] [INFO] Request file: www/favicon.ico
[2026-08-02 15:31:27] [INFO] Request file: www/about.html
[2026-08-02 15:31:27] [INFO] Request file: www/style.css
[2026-08-02 15:40:55] [INFO] Request file: www/style.css
[2026-08-02 15:40:55] [INFO] Request file: www/.well-known/appspecific/com.chrome.devtools.json
[2026-08-02 15:41:01] [INFO] Request file: www/index.html
[2026-08-02 15:41:01] [INFO] Request file: www/style.css
[2026-08-02 15:41:01] [INFO] Request file: www/.well-known/appspecific/com.chrome.devtools.json
[2026-08-02 16:02:59] [INFO] Starting HTTP server on port 8080...
[2026-08-02 16:02:59] [ERROR] Failed to create socket
[2026-08-02 16:03:08] [INFO] Starting HTTP server on port 8080...
[2026-08-02 16:03:08] [INFO] Server started on port 8080
[2026-08-02 16:23:32] [INFO] Server stopped
[2026-08-02 16:25:53] [INFO] Starting HTTP server on port 8080...
[2026-08-02 16:25:53] [INFO] Server started on port 8080
[2026-08-02 16:40:57] [INFO] Server stopped
[2026-08-02 16:41:15] [INFO] Starting HTTP server on port 8080...
[2026-08-02 16:41:15] [INFO] Server started on port 8080
[2026-08-02 16:48:41] [INFO] Server stopped
[2026-08-02 16:48:56] [INFO] Starting HTTP server on port 8080...
[2026-08-02 16:48:56] [INFO] Server started on port 8080
[2026-08-02 17:10:33] [INFO] Server stopped
