[2026-07-15 22:19:46] [INFO] Starting HTTP server on port 8080...
[2026-07-15 22:19:46] [INFO] Server started on port 8080
[2026-07-15 22:19:48] [INFO] Request file: www/index.html
[2026-07-15 22:19:48] [INFO] Request file: www/style.css
[2026-07-15 22:19:49] [INFO] Request file: www/about.html
[2026-07-15 22:19:50] [INFO] Request file: www/style.css
[2026-07-15 22:19:52] [INFO] Request file: www/index.html
[2026-07-15 22:19:52] [INFO] Request file: www/style.css
[2026-07-15 22:19:56] [INFO] Server stopped
[2026-08-02 15:31:18] [INFO] Starting HTTP server on port 8080...
[2026-08-02 15:31:18] [INFO] Server started on port 8080
[2026-08-02 15:31:21] [INFO] Request file: www/index.html
[2026-08-02 15:31:21] [INFO] Request file: www/style.css
[2026-08-02 15:31:21] [INFO] Request file: www/favicon.ico
[2026-08-02 15:31:27] [INFO] Request file: www/about.html
[2026-08-02 15:31:27] [INFO] Request file: www/style.css
[2026-08-02 15:40:55] [INFO] Request file: www/style.css
[2026-08-02 15:40:55] [INFO] Request file: www/.well-known/appspecific/com.chrome.devtools.json
[2026-08-02 15:41:01] [INFO] Request file: www/index.html
[2026-08-02 15:41:01] [INFO] Request file: www/style.css
[2026-08-02 15:41:01] [INFO] Request file: www/.well-known/appspecific/com.chrome.devtools.json
[2026-08-02 16:03:04] [INFO] Server stopped
